 docket  me · PRs 5 │ Issues 3 │ Archived 1   Issues 1                                                           updated 12:00 · next 12:01
   Issues 1  ─────────────────────────────────────────────────────────────────────── ╭─ acme/widgets#3 ────────────────────────────────────╮
▌ ○   1y acme/widgets#3 Support arm64 builds                         frank commented │ Support arm64 builds                                │
                                                                                     │ github.com/acme/widgets/issues/3                    │
                                                                                     │ by frank · opened 1y ago · touched 1y ago · archive │
                                                                                     │ commented                                           │
                                                                                     │                                                     │
                                                                                     │ Assignees                                           │
                                                                                     │   frank                                             │
                                                                                     │                                                     │
                                                                                     │                                                     │
                                                                                     │                                                     │
                                                                                     │                                                     │
                                                                                     │                                                     │
                                                                                     │                                                     │
                                                                                     │                                                     │
                                                                                     │                                                     │
                                                                                     │                                                     │
                                                                                     │                                                     │
                                                                                     │                                                     │
                                                                                     │                                                     │
                                                                                     │                                                     │
                                                                                     │                                                     │
                                                                                     │                                                     │
                                                                                     │                                                     │
                                                                                     │                                                     │
                                                                                     │                                                     │
                                                                                     │                                                     │
                                                                                     ╰─────────────────────────────────────────────────────╯
tab PRs · j/k move · enter open · / filter · r refresh · ? help                                                             budget 4812/5000
