                                                                                          
                                                                                          
                                                                                          
                                                                                          
                                       no data yet                                        
                                                                                          
                                                                                          
                                                                                          
                                                                                          
fetch failed: dial tcp: no such host · retry 12:01                                  ? help