 docket  me · 5 open   Mine 2  Requested 2  Mentioned 1     ✗ updated 12:00 · retry 12:02
  Keys
  j k ↑ ↓   move
  enter     open PR
  c         open first failing check
  i         open linked issues
  r         refresh now
  s         settings
  /         filter; esc clears
  ?         close help
  q         quit

  Warnings
  Resource protected by organization SAML enforcement.





fetch failed: Post "https://api.github.com/graphql": dial tcp: lookup api.github.com: no …
