 docket  me · PRs 5 │ Issues 3 │ Archived 1   Mine 1  Assigned 1  Mentioned 1                                    updated 12:00 · next 12:01
   Mine 1  ───────────────────────────────────────────────────────────────────────── ╭─ acme/gateway#1180 ─────────────────────────────────╮
▌ ○  10d acme/gateway#1180 Document weighted backends            author              │ Document weighted backends                          │
   Assigned 1  ───────────────────────────────────────────────────────────────────── │ github.com/acme/gateway/issues/1180                 │
  ●   5d acme/widgets#7    Loop never ends                 alice assigned            │ opened 12d ago · touched 10d ago                    │
   Mentioned 1  ──────────────────────────────────────────────────────────────────── │ author                                              │
  ✓   1d acme/docs#90      Broken link on the install page erin  mentioned,commented │                                                     │
                                                                                     │ What's left                                         │
                                                                                     │   ○ 1 of 3 sub-issues completed                     │
                                                                                     │   · unassigned                                      │
                                                                                     │                                                     │
                                                                                     │ You                                                 │
                                                                                     │   ○ 1 reply since yours                             │
                                                                                     │                                                     │
                                                                                     │ Labels                                              │
                                                                                     │   docs                                              │
                                                                                     │                                                     │
                                                                                     │                                                     │
                                                                                     │                                                     │
                                                                                     │                                                     │
                                                                                     │                                                     │
                                                                                     │                                                     │
                                                                                     │                                                     │
                                                                                     │                                                     │
                                                                                     │                                                     │
                                                                                     │                                                     │
                                                                                     │                                                     │
                                                                                     │                                                     │
                                                                                     ╰─────────────────────────────────────────────────────╯
tab archived · j/k move · enter open · p PRs · / filter · r refresh · ? help                                                budget 4812/5000
