 docket  me · PRs 5 │ Issues 3 │ Archived 1                    updated 12:00 · next 12:01
   Mine 1  ───────────────────────────────────────────────────────────────────────────────
▌ ○  10d acme/gateway#1180 Document weighted backends                  author
   Assigned 1  ───────────────────────────────────────────────────────────────────────────
  ●   5d acme/widgets#7    Loop never ends                       alice assigned
   Mentioned 1  ──────────────────────────────────────────────────────────────────────────
  ✓   1d acme/docs#90      Broken link on the install page       erin  mentioned,commented
╭─ acme/gateway#1180 ────────────────────────────────────────────────────────────────────╮
│ Document weighted backends                                                             │
│ github.com/acme/gateway/issues/1180                                                    │
│ opened 12d ago · touched 10d ago                                                       │
│ author                                                                                 │
│                                                                                        │
│ What's left                                                                            │
│   ○ 1 of 3 sub-issues completed                                                        │
│   · unassigned                                                                         │
│                                                                                        │
│ You                                                                                    │
│   ○ 1 reply since yours                                                                │
│                                                                                        │
│ Labels                                                                                 │
│   docs                                                                                 │
│                                                                                        │
│                                                                                        │
│                                                                                        │
│                                                                                        │
│                                                                                        │
│                                                                                        │
│                                                                                        │
│                                                                                        │
╰────────────────────────────────────────────────────────────────────────────────────────╯
tab archived · j/k move · enter open · p PRs · / filter · r refresh · ? help
