 docket  me · PRs 5 │ Issues 3                                 updated 12:00 · next 12:01
   Mine 2  ───────────────────────────────────────────────────────────────────────────────
▌ ✓   5w acme/widgets#51   Add rate limit docs             approved       author
  ✗   2d acme/widgets#42   Fix reconcile loop when the ga… changes        author
   Requested 2  ──────────────────────────────────────────────────────────────────────────
  ✓   9d acme/gateway#1188 Bump Envoy to 1.37              review   bob   team
  ●   1d acme/gateway#1203 Support weighted backends       review   alice review,commented
   Mentioned 1  ──────────────────────────────────────────────────────────────────────────
  ·   1y acme/docs#88      Rewrite the getting started gu…          erin  mentioned
╭─ acme/widgets#51 ──────────────────────────────────────────────────────────────────────╮
│ Add rate limit docs                                                                    │
│ github.com/acme/widgets/pull/51                                                        │
│ opened 5w ago · touched 5w ago                                                         │
│ author                                                                                 │
│                                                                                        │
│ What's left                                                                            │
│   ✓ ready to merge                                                                     │
│                                                                                        │
│ Reviewers                                                                              │
│   dave approved                                                                        │
│                                                                                        │
│                                                                                        │
│                                                                                        │
│                                                                                        │
│                                                                                        │
│                                                                                        │
│                                                                                        │
│                                                                                        │
│                                                                                        │
│                                                                                        │
╰────────────────────────────────────────────────────────────────────────────────────────╯
tab issues · j/k move · enter open · c check · i issues · / filter · r refresh · ? help
