  nothing open involves you                                                               
                                                                                          
                                                                                          
                                                                                          
                                                                                          
                                                                                          
                                                                                          
                                                                                          
                                                                                          
0 PRs · updated 12:00 · next 12:01                                                  ? help