 docket  me · PRs 5 │ Issues 3 │ Archived 1   Mine 2  Requested 2  Mentioned 1                                   updated 12:00 · next 12:01
   Mine 2  ───────────────────────────────────────────────────────────────────────── ╭─ acme/widgets#42 ───────────────────────────────────╮
  ✓   5w acme/widgets#51   Add rate limit docs       approved       author           │ Fix reconcile loop when the gateway disappears      │
▌ ✗   2d acme/widgets#42   Fix reconcile loop when … changes        author           │ github.com/acme/widgets/pull/42                     │
   Requested 2  ──────────────────────────────────────────────────────────────────── │ opened 5d ago · touched 2d ago                      │
  ✓   9d acme/gateway#1188 Bump Envoy to 1.37        review   bob   team             │ author                                              │
  ●   1d acme/gateway#1203 Support weighted backends review   alice review,commented │                                                     │
   Mentioned 1  ──────────────────────────────────────────────────────────────────── │ What's left                                         │
  ·   1y acme/docs#88      Rewrite the getting star…          erin  mentioned        │   ✗ CI failing: e2e                                 │
                                                                                     │   ✗ changes requested by carol                      │
                                                                                     │   ○ 2 unresolved threads                            │
                                                                                     │                                                     │
                                                                                     │ You                                                 │
                                                                                     │   ○ 1 reply since yours                             │
                                                                                     │                                                     │
                                                                                     │ Failing checks                                      │
                                                                                     │   ✗ e2e                                             │
                                                                                     │                                                     │
                                                                                     │ Reviewers                                           │
                                                                                     │   carol requested changes                           │
                                                                                     │                                                     │
                                                                                     │ Linked issues                                       │
                                                                                     │   acme/widgets#7 Loop never ends open               │
                                                                                     │                                                     │
                                                                                     │                                                     │
                                                                                     │                                                     │
                                                                                     │                                                     │
                                                                                     │                                                     │
                                                                                     ╰─────────────────────────────────────────────────────╯
tab issues · j/k move · enter open · c check · i issues · / filter · r refresh · ? help                                     budget 4812/5000
