 docket  me      updated 12:00 · next 12:01
   Mine 2  ─────────────────────────────────
▌ ✓ Add rate limit docs     author
  ✗ Fix reconcile loop whe… author
   Requested 2  ────────────────────────────
  ✓ Bump Envoy to 1.37      team
  ● Support weighted backe… review,commented
   Mentioned 1  ────────────────────────────
  · Rewrite the getting st… mentioned


tab issues · j/k move · enter open · c chec…
