  Mine (2)                                                                           │ acme/widgets#51                                      
▌ ✓   5w acme/widgets#51   Add rate limit docs       approved       author           │ Add rate limit docs                                  
  ✗   2d acme/widgets#42   Fix reconcile loop when … changes        author           │ opened 5w ago · touched 5w ago                       
  Requested (2)                                                                      │ author                                               
  ✓   9d acme/gateway#1188 Bump Envoy to 1.37        review   bob   team             │                                                      
  ●   1d acme/gateway#1203 Support weighted backends review   alice review,commented │ What's left                                          
  Mentioned (1)                                                                      │   ✓ ready to merge                                   
  ·   1y acme/docs#88      Rewrite the getting star…          erin  mentioned        │                                                      
                                                                                     │ You                                                  
                                                                                     │   ○ 1 reply since yours                              
                                                                                     │                                                      
                                                                                     │ Reviewers                                            
                                                                                     │   dave approved                                      
                                                                                     │                                                      
                                                                                     │                                                      
                                                                                     │                                                      
                                                                                     │                                                      
                                                                                     │                                                      
                                                                                     │                                                      
                                                                                     │                                                      
                                                                                     │                                                      
                                                                                     │                                                      
                                                                                     │                                                      
                                                                                     │                                                      
                                                                                     │                                                      
                                                                                     │                                                      
                                                                                     │                                                      
                                                                                     │                                                      
                                                                                     │                                                      
5 PRs · updated 12:00 · next 12:01                                                                                 budget 4812/5000 · ? help